// Jest Snapshot v1, https://jestjs.io/docs/snapshot-testing

exports[`app Renders 🎉 1`] = `
<div>
  <div
    class="scrollContainer"
  >
    <div
      class="x1ghz6dp x1717udv xe8uvvx xrvj5dj x1mkdm3x xl4xnwh xh8yej3 x1r8uycs"
      style="--x-rowGap: 16px;"
    >
      <p
        class="xlh3980 xvmahel x1ghz6dp xyddcd2 x1enbaoa x1sk33t8 x7gbg69 xli2zx2 x1958duc x12oo3zp x8d2oow x1mzt3pk x1vvkbs x1yc453h xce744n LbzErQ"
      >
        This example demonstrates how to test your app's UI.
      </p>
      <p
        class="xlh3980 xvmahel x1ghz6dp xyddcd2 x1enbaoa x1sk33t8 x7gbg69 xli2zx2 x1958duc x12oo3zp x8d2oow x1mzt3pk x1vvkbs x1yc453h xce744n LbzErQ"
      >
        Check out 
        <code>
          examples/testing/ui_test/__tests__/app.test.tsx
        </code>
         
        to learn how to start testing.
      </p>
      <button
        class="_5KtATA LQzFZw Qfw6fw Sp3u_w Gcy95A _8ERLTg hw3gKA rV61VQ LQzFZw Qfw6fw Sp3u_w Gcy95A _4_iekA j34Zww aqbYPg _3FvZZg"
        type="button"
      >
        <span
          class="khPe7Q"
        >
          Do something cool
        </span>
      </button>
    </div>
  </div>
</div>
`;
