// Jest Snapshot v1, https://jestjs.io/docs/snapshot-testing

exports[`app Renders 🎉 1`] = `
<div>
  <div
    class="scrollContainer"
  >
    <div
      class="jv_R6g"
      style="--NZu1Zw: 16px;"
    >
      <p
        class="aWBg0w _6klkDA Sp3u_w Gcy95A aZskFA Yrg82w"
      >
        This example demonstrates how to test your app's UI.
      </p>
      <p
        class="aWBg0w _6klkDA Sp3u_w Gcy95A aZskFA Yrg82w"
      >
        Check out 
        <code>
          examples/testing/ui_test/__tests__/app.test.tsx
        </code>
         
        to learn how to start testing.
      </p>
      <button
        class="_5KtATA LQzFZw VgvqkQ Qfw6fw Sp3u_w Gcy95A _8ERLTg hw3gKA rV61VQ LQzFZw VgvqkQ Qfw6fw Sp3u_w Gcy95A _4_iekA j34Zww aqbYPg _3FvZZg"
        type="button"
      >
        <span
          class="khPe7Q"
        >
          Do something cool
        </span>
      </button>
    </div>
  </div>
</div>
`;
